Copyright 1986-2018 Xilinx, Inc. All Rights Reserved.
-----------------------------------------------------------------------------------------------------------------------------------------------------------------------------------------------------------------------
| Tool Version : Vivado v.2018.3 (win64) Build 2405991 Thu Dec  6 23:38:27 MST 2018
| Date         : Mon Oct 27 22:02:36 2025
| Host         : DESKTOP-OLJ1S5C running 64-bit major release  (build 9200)
| Command      : report_timing_summary -max_paths 10 -file experimento4_top_timing_summary_routed.rpt -pb experimento4_top_timing_summary_routed.pb -rpx experimento4_top_timing_summary_routed.rpx -warn_on_violation
| Design       : experimento4_top
| Device       : 7a35t-cpg236
| Speed File   : -1  PRODUCTION 1.23 2018-06-13
-----------------------------------------------------------------------------------------------------------------------------------------------------------------------------------------------------------------------

Timing Summary Report

------------------------------------------------------------------------------------------------
| Timer Settings
| --------------
------------------------------------------------------------------------------------------------

  Enable Multi Corner Analysis               :  Yes
  Enable Pessimism Removal                   :  Yes
  Pessimism Removal Resolution               :  Nearest Common Node
  Enable Input Delay Default Clock           :  No
  Enable Preset / Clear Arcs                 :  No
  Disable Flight Delays                      :  No
  Ignore I/O Paths                           :  No
  Timing Early Launch at Borrowing Latches   :  false

  Corner  Analyze    Analyze    
  Name    Max Paths  Min Paths  
  ------  ---------  ---------  
  Slow    Yes        Yes        
  Fast    Yes        Yes        



check_timing report

Table of Contents
-----------------
1. checking no_clock
2. checking constant_clock
3. checking pulse_width_clock
4. checking unconstrained_internal_endpoints
5. checking no_input_delay
6. checking no_output_delay
7. checking multiple_clock
8. checking generated_clocks
9. checking loops
10. checking partial_input_delay
11. checking partial_output_delay
12. checking latch_loops

1. checking no_clock
--------------------
 There are 4 register/latch pins with no clock driven by root clock pin: Inst_Divisor/s_clk_out_reg/Q (HIGH)


2. checking constant_clock
--------------------------
 There are 0 register/latch pins with constant_clock.


3. checking pulse_width_clock
-----------------------------
 There are 0 register/latch pins which need pulse_width check


4. checking unconstrained_internal_endpoints
--------------------------------------------
 There are 8 pins that are not constrained for maximum delay. (HIGH)

 There are 0 pins that are not constrained for maximum delay due to constant clock.


5. checking no_input_delay
--------------------------
 There are 5 input ports with no input delay specified. (HIGH)

 There are 0 input ports with no input delay but user has a false path constraint.


6. checking no_output_delay
---------------------------
 There are 4 ports with no output delay specified. (HIGH)

 There are 0 ports with no output delay but user has a false path constraint

 There are 0 ports with no output delay but with a timing clock defined on it or propagating through it


7. checking multiple_clock
--------------------------
 There are 0 register/latch pins with multiple clocks.


8. checking generated_clocks
----------------------------
 There are 0 generated clocks that are not connected to a clock source.


9. checking loops
-----------------
 There are 0 combinational loops in the design.


10. checking partial_input_delay
--------------------------------
 There are 0 input ports with partial input delay specified.


11. checking partial_output_delay
---------------------------------
 There are 0 ports with partial output delay specified.


12. checking latch_loops
------------------------
 There are 0 combinational latch loops in the design through latch input



------------------------------------------------------------------------------------------------
| Design Timing Summary
| ---------------------
------------------------------------------------------------------------------------------------

    WNS(ns)      TNS(ns)  TNS Failing Endpoints  TNS Total Endpoints      WHS(ns)      THS(ns)  THS Failing Endpoints  THS Total Endpoints     WPWS(ns)     TPWS(ns)  TPWS Failing Endpoints  TPWS Total Endpoints  
    -------      -------  ---------------------  -------------------      -------      -------  ---------------------  -------------------     --------     --------  ----------------------  --------------------  
      6.432        0.000                      0                   52        0.263        0.000                      0                   52        4.500        0.000                       0                    28  


All user specified timing constraints are met.


------------------------------------------------------------------------------------------------
| Clock Summary
| -------------
------------------------------------------------------------------------------------------------

Clock        Waveform(ns)       Period(ns)      Frequency(MHz)
-----        ------------       ----------      --------------
sys_clk_pin  {0.000 5.000}      10.000          100.000         


------------------------------------------------------------------------------------------------
| Intra Clock Table
| -----------------
------------------------------------------------------------------------------------------------

Clock             WNS(ns)      TNS(ns)  TNS Failing Endpoints  TNS Total Endpoints      WHS(ns)      THS(ns)  THS Failing Endpoints  THS Total Endpoints     WPWS(ns)     TPWS(ns)  TPWS Failing Endpoints  TPWS Total Endpoints  
-----             -------      -------  ---------------------  -------------------      -------      -------  ---------------------  -------------------     --------     --------  ----------------------  --------------------  
sys_clk_pin         6.432        0.000                      0                   52        0.263        0.000                      0                   52        4.500        0.000                       0                    28  


------------------------------------------------------------------------------------------------
| Inter Clock Table
| -----------------
------------------------------------------------------------------------------------------------

From Clock    To Clock          WNS(ns)      TNS(ns)  TNS Failing Endpoints  TNS Total Endpoints      WHS(ns)      THS(ns)  THS Failing Endpoints  THS Total Endpoints  
----------    --------          -------      -------  ---------------------  -------------------      -------      -------  ---------------------  -------------------  


------------------------------------------------------------------------------------------------
| Other Path Groups Table
| -----------------------
------------------------------------------------------------------------------------------------

Path Group    From Clock    To Clock          WNS(ns)      TNS(ns)  TNS Failing Endpoints  TNS Total Endpoints      WHS(ns)      THS(ns)  THS Failing Endpoints  THS Total Endpoints  
----------    ----------    --------          -------      -------  ---------------------  -------------------      -------      -------  ---------------------  -------------------  


------------------------------------------------------------------------------------------------
| Timing Details
| --------------
------------------------------------------------------------------------------------------------


---------------------------------------------------------------------------------------------------
From Clock:  sys_clk_pin
  To Clock:  sys_clk_pin

Setup :            0  Failing Endpoints,  Worst Slack        6.432ns,  Total Violation        0.000ns
Hold  :            0  Failing Endpoints,  Worst Slack        0.263ns,  Total Violation        0.000ns
PW    :            0  Failing Endpoints,  Worst Slack        4.500ns,  Total Violation        0.000ns
---------------------------------------------------------------------------------------------------


Max Delay Paths
--------------------------------------------------------------------------------------
Slack (MET) :             6.432ns  (required time - arrival time)
  Source:                 Inst_Divisor/s_contador_reg[20]/C
                            (rising edge-triggered cell FDRE clocked by sys_clk_pin  {rise@0.000ns fall@5.000ns period=10.000ns})
  Destination:            Inst_Divisor/s_contador_reg[13]/R
                            (rising edge-triggered cell FDRE clocked by sys_clk_pin  {rise@0.000ns fall@5.000ns period=10.000ns})
  Path Group:             sys_clk_pin
  Path Type:              Setup (Max at Slow Process Corner)
  Requirement:            10.000ns  (sys_clk_pin rise@10.000ns - sys_clk_pin rise@0.000ns)
  Data Path Delay:        3.080ns  (logic 0.704ns (22.860%)  route 2.376ns (77.140%))
  Logic Levels:           2  (LUT4=1 LUT6=1)
  Clock Path Skew:        -0.024ns (DCD - SCD + CPR)
    Destination Clock Delay (DCD):    4.856ns = ( 14.856 - 10.000 ) 
    Source Clock Delay      (SCD):    5.154ns
    Clock Pessimism Removal (CPR):    0.274ns
  Clock Uncertainty:      0.035ns  ((TSJ^2 + TIJ^2)^1/2 + DJ) / 2 + PE
    Total System Jitter     (TSJ):    0.071ns
    Total Input Jitter      (TIJ):    0.000ns
    Discrete Jitter          (DJ):    0.000ns
    Phase Error              (PE):    0.000ns

    Location             Delay type                Incr(ns)  Path(ns)    Netlist Resource(s)
  -------------------------------------------------------------------    -------------------
                         (clock sys_clk_pin rise edge)
                                                      0.000     0.000 r  
    W5                                                0.000     0.000 r  CLK100MHZ (IN)
                         net (fo=0)                   0.000     0.000    CLK100MHZ
    W5                   IBUF (Prop_ibuf_I_O)         1.458     1.458 r  CLK100MHZ_IBUF_inst/O
                         net (fo=1, routed)           1.967     3.425    CLK100MHZ_IBUF
    BUFGCTRL_X0Y0        BUFG (Prop_bufg_I_O)         0.096     3.521 r  CLK100MHZ_IBUF_BUFG_inst/O
                         net (fo=27, routed)          1.633     5.154    Inst_Divisor/CLK100MHZ_IBUF_BUFG
    SLICE_X1Y13          FDRE                                         r  Inst_Divisor/s_contador_reg[20]/C
  -------------------------------------------------------------------    -------------------
    SLICE_X1Y13          FDRE (Prop_fdre_C_Q)         0.456     5.610 r  Inst_Divisor/s_contador_reg[20]/Q
                         net (fo=2, routed)           0.686     6.297    Inst_Divisor/s_contador[20]
    SLICE_X0Y13          LUT4 (Prop_lut4_I3_O)        0.124     6.421 f  Inst_Divisor/s_contador[25]_i_4/O
                         net (fo=1, routed)           1.017     7.438    Inst_Divisor/s_contador[25]_i_4_n_0
    SLICE_X0Y12          LUT6 (Prop_lut6_I1_O)        0.124     7.562 r  Inst_Divisor/s_contador[25]_i_2/O
                         net (fo=26, routed)          0.672     8.234    Inst_Divisor/s_clk_out_0
    SLICE_X1Y12          FDRE                                         r  Inst_Divisor/s_contador_reg[13]/R
  -------------------------------------------------------------------    -------------------

                         (clock sys_clk_pin rise edge)
                                                     10.000    10.000 r  
    W5                                                0.000    10.000 r  CLK100MHZ (IN)
                         net (fo=0)                   0.000    10.000    CLK100MHZ
    W5                   IBUF (Prop_ibuf_I_O)         1.388    11.388 r  CLK100MHZ_IBUF_inst/O
                         net (fo=1, routed)           1.862    13.250    CLK100MHZ_IBUF
    BUFGCTRL_X0Y0        BUFG (Prop_bufg_I_O)         0.091    13.341 r  CLK100MHZ_IBUF_BUFG_inst/O
                         net (fo=27, routed)          1.515    14.856    Inst_Divisor/CLK100MHZ_IBUF_BUFG
    SLICE_X1Y12          FDRE                                         r  Inst_Divisor/s_contador_reg[13]/C
                         clock pessimism              0.274    15.130    
                         clock uncertainty           -0.035    15.095    
    SLICE_X1Y12          FDRE (Setup_fdre_C_R)       -0.429    14.666    Inst_Divisor/s_contador_reg[13]
  -------------------------------------------------------------------
                         required time                         14.666    
                         arrival time                          -8.234    
  -------------------------------------------------------------------
                         slack                                  6.432    

Slack (MET) :             6.432ns  (required time - arrival time)
  Source:                 Inst_Divisor/s_contador_reg[20]/C
                            (rising edge-triggered cell FDRE clocked by sys_clk_pin  {rise@0.000ns fall@5.000ns period=10.000ns})
  Destination:            Inst_Divisor/s_contador_reg[14]/R
                            (rising edge-triggered cell FDRE clocked by sys_clk_pin  {rise@0.000ns fall@5.000ns period=10.000ns})
  Path Group:             sys_clk_pin
  Path Type:              Setup (Max at Slow Process Corner)
  Requirement:            10.000ns  (sys_clk_pin rise@10.000ns - sys_clk_pin rise@0.000ns)
  Data Path Delay:        3.080ns  (logic 0.704ns (22.860%)  route 2.376ns (77.140%))
  Logic Levels:           2  (LUT4=1 LUT6=1)
  Clock Path Skew:        -0.024ns (DCD - SCD + CPR)
    Destination Clock Delay (DCD):    4.856ns = ( 14.856 - 10.000 ) 
    Source Clock Delay      (SCD):    5.154ns
    Clock Pessimism Removal (CPR):    0.274ns
  Clock Uncertainty:      0.035ns  ((TSJ^2 + TIJ^2)^1/2 + DJ) / 2 + PE
    Total System Jitter     (TSJ):    0.071ns
    Total Input Jitter      (TIJ):    0.000ns
    Discrete Jitter          (DJ):    0.000ns
    Phase Error              (PE):    0.000ns

    Location             Delay type                Incr(ns)  Path(ns)    Netlist Resource(s)
  -------------------------------------------------------------------    -------------------
                         (clock sys_clk_pin rise edge)
                                                      0.000     0.000 r  
    W5                                                0.000     0.000 r  CLK100MHZ (IN)
                         net (fo=0)                   0.000     0.000    CLK100MHZ
    W5                   IBUF (Prop_ibuf_I_O)         1.458     1.458 r  CLK100MHZ_IBUF_inst/O
                         net (fo=1, routed)           1.967     3.425    CLK100MHZ_IBUF
    BUFGCTRL_X0Y0        BUFG (Prop_bufg_I_O)         0.096     3.521 r  CLK100MHZ_IBUF_BUFG_inst/O
                         net (fo=27, routed)          1.633     5.154    Inst_Divisor/CLK100MHZ_IBUF_BUFG
    SLICE_X1Y13          FDRE                                         r  Inst_Divisor/s_contador_reg[20]/C
  -------------------------------------------------------------------    -------------------
    SLICE_X1Y13          FDRE (Prop_fdre_C_Q)         0.456     5.610 r  Inst_Divisor/s_contador_reg[20]/Q
                         net (fo=2, routed)           0.686     6.297    Inst_Divisor/s_contador[20]
    SLICE_X0Y13          LUT4 (Prop_lut4_I3_O)        0.124     6.421 f  Inst_Divisor/s_contador[25]_i_4/O
                         net (fo=1, routed)           1.017     7.438    Inst_Divisor/s_contador[25]_i_4_n_0
    SLICE_X0Y12          LUT6 (Prop_lut6_I1_O)        0.124     7.562 r  Inst_Divisor/s_contador[25]_i_2/O
                         net (fo=26, routed)          0.672     8.234    Inst_Divisor/s_clk_out_0
    SLICE_X1Y12          FDRE                                         r  Inst_Divisor/s_contador_reg[14]/R
  -------------------------------------------------------------------    -------------------

                         (clock sys_clk_pin rise edge)
                                                     10.000    10.000 r  
    W5                                                0.000    10.000 r  CLK100MHZ (IN)
                         net (fo=0)                   0.000    10.000    CLK100MHZ
    W5                   IBUF (Prop_ibuf_I_O)         1.388    11.388 r  CLK100MHZ_IBUF_inst/O
                         net (fo=1, routed)           1.862    13.250    CLK100MHZ_IBUF
    BUFGCTRL_X0Y0        BUFG (Prop_bufg_I_O)         0.091    13.341 r  CLK100MHZ_IBUF_BUFG_inst/O
                         net (fo=27, routed)          1.515    14.856    Inst_Divisor/CLK100MHZ_IBUF_BUFG
    SLICE_X1Y12          FDRE                                         r  Inst_Divisor/s_contador_reg[14]/C
                         clock pessimism              0.274    15.130    
                         clock uncertainty           -0.035    15.095    
    SLICE_X1Y12          FDRE (Setup_fdre_C_R)       -0.429    14.666    Inst_Divisor/s_contador_reg[14]
  -------------------------------------------------------------------
                         required time                         14.666    
                         arrival time                          -8.234    
  -------------------------------------------------------------------
                         slack                                  6.432    

Slack (MET) :             6.432ns  (required time - arrival time)
  Source:                 Inst_Divisor/s_contador_reg[20]/C
                            (rising edge-triggered cell FDRE clocked by sys_clk_pin  {rise@0.000ns fall@5.000ns period=10.000ns})
  Destination:            Inst_Divisor/s_contador_reg[15]/R
                            (rising edge-triggered cell FDRE clocked by sys_clk_pin  {rise@0.000ns fall@5.000ns period=10.000ns})
  Path Group:             sys_clk_pin
  Path Type:              Setup (Max at Slow Process Corner)
  Requirement:            10.000ns  (sys_clk_pin rise@10.000ns - sys_clk_pin rise@0.000ns)
  Data Path Delay:        3.080ns  (logic 0.704ns (22.860%)  route 2.376ns (77.140%))
  Logic Levels:           2  (LUT4=1 LUT6=1)
  Clock Path Skew:        -0.024ns (DCD - SCD + CPR)
    Destination Clock Delay (DCD):    4.856ns = ( 14.856 - 10.000 ) 
    Source Clock Delay      (SCD):    5.154ns
    Clock Pessimism Removal (CPR):    0.274ns
  Clock Uncertainty:      0.035ns  ((TSJ^2 + TIJ^2)^1/2 + DJ) / 2 + PE
    Total System Jitter     (TSJ):    0.071ns
    Total Input Jitter      (TIJ):    0.000ns
    Discrete Jitter          (DJ):    0.000ns
    Phase Error              (PE):    0.000ns

    Location             Delay type                Incr(ns)  Path(ns)    Netlist Resource(s)
  -------------------------------------------------------------------    -------------------
                         (clock sys_clk_pin rise edge)
                                                      0.000     0.000 r  
    W5                                                0.000     0.000 r  CLK100MHZ (IN)
                         net (fo=0)                   0.000     0.000    CLK100MHZ
    W5                   IBUF (Prop_ibuf_I_O)         1.458     1.458 r  CLK100MHZ_IBUF_inst/O
                         net (fo=1, routed)           1.967     3.425    CLK100MHZ_IBUF
    BUFGCTRL_X0Y0        BUFG (Prop_bufg_I_O)         0.096     3.521 r  CLK100MHZ_IBUF_BUFG_inst/O
                         net (fo=27, routed)          1.633     5.154    Inst_Divisor/CLK100MHZ_IBUF_BUFG
    SLICE_X1Y13          FDRE                                         r  Inst_Divisor/s_contador_reg[20]/C
  -------------------------------------------------------------------    -------------------
    SLICE_X1Y13          FDRE (Prop_fdre_C_Q)         0.456     5.610 r  Inst_Divisor/s_contador_reg[20]/Q
                         net (fo=2, routed)           0.686     6.297    Inst_Divisor/s_contador[20]
    SLICE_X0Y13          LUT4 (Prop_lut4_I3_O)        0.124     6.421 f  Inst_Divisor/s_contador[25]_i_4/O
                         net (fo=1, routed)           1.017     7.438    Inst_Divisor/s_contador[25]_i_4_n_0
    SLICE_X0Y12          LUT6 (Prop_lut6_I1_O)        0.124     7.562 r  Inst_Divisor/s_contador[25]_i_2/O
                         net (fo=26, routed)          0.672     8.234    Inst_Divisor/s_clk_out_0
    SLICE_X1Y12          FDRE                                         r  Inst_Divisor/s_contador_reg[15]/R
  -------------------------------------------------------------------    -------------------

                         (clock sys_clk_pin rise edge)
                                                     10.000    10.000 r  
    W5                                                0.000    10.000 r  CLK100MHZ (IN)
                         net (fo=0)                   0.000    10.000    CLK100MHZ
    W5                   IBUF (Prop_ibuf_I_O)         1.388    11.388 r  CLK100MHZ_IBUF_inst/O
                         net (fo=1, routed)           1.862    13.250    CLK100MHZ_IBUF
    BUFGCTRL_X0Y0        BUFG (Prop_bufg_I_O)         0.091    13.341 r  CLK100MHZ_IBUF_BUFG_inst/O
                         net (fo=27, routed)          1.515    14.856    Inst_Divisor/CLK100MHZ_IBUF_BUFG
    SLICE_X1Y12          FDRE                                         r  Inst_Divisor/s_contador_reg[15]/C
                         clock pessimism              0.274    15.130    
                         clock uncertainty           -0.035    15.095    
    SLICE_X1Y12          FDRE (Setup_fdre_C_R)       -0.429    14.666    Inst_Divisor/s_contador_reg[15]
  -------------------------------------------------------------------
                         required time                         14.666    
                         arrival time                          -8.234    
  -------------------------------------------------------------------
                         slack                                  6.432    

Slack (MET) :             6.432ns  (required time - arrival time)
  Source:                 Inst_Divisor/s_contador_reg[20]/C
                            (rising edge-triggered cell FDRE clocked by sys_clk_pin  {rise@0.000ns fall@5.000ns period=10.000ns})
  Destination:            Inst_Divisor/s_contador_reg[16]/R
                            (rising edge-triggered cell FDRE clocked by sys_clk_pin  {rise@0.000ns fall@5.000ns period=10.000ns})
  Path Group:             sys_clk_pin
  Path Type:              Setup (Max at Slow Process Corner)
  Requirement:            10.000ns  (sys_clk_pin rise@10.000ns - sys_clk_pin rise@0.000ns)
  Data Path Delay:        3.080ns  (logic 0.704ns (22.860%)  route 2.376ns (77.140%))
  Logic Levels:           2  (LUT4=1 LUT6=1)
  Clock Path Skew:        -0.024ns (DCD - SCD + CPR)
    Destination Clock Delay (DCD):    4.856ns = ( 14.856 - 10.000 ) 
    Source Clock Delay      (SCD):    5.154ns
    Clock Pessimism Removal (CPR):    0.274ns
  Clock Uncertainty:      0.035ns  ((TSJ^2 + TIJ^2)^1/2 + DJ) / 2 + PE
    Total System Jitter     (TSJ):    0.071ns
    Total Input Jitter      (TIJ):    0.000ns
    Discrete Jitter          (DJ):    0.000ns
    Phase Error              (PE):    0.000ns

    Location             Delay type                Incr(ns)  Path(ns)    Netlist Resource(s)
  -------------------------------------------------------------------    -------------------
                         (clock sys_clk_pin rise edge)
                                                      0.000     0.000 r  
    W5                                                0.000     0.000 r  CLK100MHZ (IN)
                         net (fo=0)                   0.000     0.000    CLK100MHZ
    W5                   IBUF (Prop_ibuf_I_O)         1.458     1.458 r  CLK100MHZ_IBUF_inst/O
                         net (fo=1, routed)           1.967     3.425    CLK100MHZ_IBUF
    BUFGCTRL_X0Y0        BUFG (Prop_bufg_I_O)         0.096     3.521 r  CLK100MHZ_IBUF_BUFG_inst/O
                         net (fo=27, routed)          1.633     5.154    Inst_Divisor/CLK100MHZ_IBUF_BUFG
    SLICE_X1Y13          FDRE                                         r  Inst_Divisor/s_contador_reg[20]/C
  -------------------------------------------------------------------    -------------------
    SLICE_X1Y13          FDRE (Prop_fdre_C_Q)         0.456     5.610 r  Inst_Divisor/s_contador_reg[20]/Q
                         net (fo=2, routed)           0.686     6.297    Inst_Divisor/s_contador[20]
    SLICE_X0Y13          LUT4 (Prop_lut4_I3_O)        0.124     6.421 f  Inst_Divisor/s_contador[25]_i_4/O
                         net (fo=1, routed)           1.017     7.438    Inst_Divisor/s_contador[25]_i_4_n_0
    SLICE_X0Y12          LUT6 (Prop_lut6_I1_O)        0.124     7.562 r  Inst_Divisor/s_contador[25]_i_2/O
                         net (fo=26, routed)          0.672     8.234    Inst_Divisor/s_clk_out_0
    SLICE_X1Y12          FDRE                                         r  Inst_Divisor/s_contador_reg[16]/R
  -------------------------------------------------------------------    -------------------

                         (clock sys_clk_pin rise edge)
                                                     10.000    10.000 r  
    W5                                                0.000    10.000 r  CLK100MHZ (IN)
                         net (fo=0)                   0.000    10.000    CLK100MHZ
    W5                   IBUF (Prop_ibuf_I_O)         1.388    11.388 r  CLK100MHZ_IBUF_inst/O
                         net (fo=1, routed)           1.862    13.250    CLK100MHZ_IBUF
    BUFGCTRL_X0Y0        BUFG (Prop_bufg_I_O)         0.091    13.341 r  CLK100MHZ_IBUF_BUFG_inst/O
                         net (fo=27, routed)          1.515    14.856    Inst_Divisor/CLK100MHZ_IBUF_BUFG
    SLICE_X1Y12          FDRE                                         r  Inst_Divisor/s_contador_reg[16]/C
                         clock pessimism              0.274    15.130    
                         clock uncertainty           -0.035    15.095    
    SLICE_X1Y12          FDRE (Setup_fdre_C_R)       -0.429    14.666    Inst_Divisor/s_contador_reg[16]
  -------------------------------------------------------------------
                         required time                         14.666    
                         arrival time                          -8.234    
  -------------------------------------------------------------------
                         slack                                  6.432    

Slack (MET) :             6.441ns  (required time - arrival time)
  Source:                 Inst_Divisor/s_contador_reg[20]/C
                            (rising edge-triggered cell FDRE clocked by sys_clk_pin  {rise@0.000ns fall@5.000ns period=10.000ns})
  Destination:            Inst_Divisor/s_contador_reg[1]/R
                            (rising edge-triggered cell FDRE clocked by sys_clk_pin  {rise@0.000ns fall@5.000ns period=10.000ns})
  Path Group:             sys_clk_pin
  Path Type:              Setup (Max at Slow Process Corner)
  Requirement:            10.000ns  (sys_clk_pin rise@10.000ns - sys_clk_pin rise@0.000ns)
  Data Path Delay:        3.072ns  (logic 0.704ns (22.914%)  route 2.368ns (77.086%))
  Logic Levels:           2  (LUT4=1 LUT6=1)
  Clock Path Skew:        -0.022ns (DCD - SCD + CPR)
    Destination Clock Delay (DCD):    4.858ns = ( 14.858 - 10.000 ) 
    Source Clock Delay      (SCD):    5.154ns
    Clock Pessimism Removal (CPR):    0.274ns
  Clock Uncertainty:      0.035ns  ((TSJ^2 + TIJ^2)^1/2 + DJ) / 2 + PE
    Total System Jitter     (TSJ):    0.071ns
    Total Input Jitter      (TIJ):    0.000ns
    Discrete Jitter          (DJ):    0.000ns
    Phase Error              (PE):    0.000ns

    Location             Delay type                Incr(ns)  Path(ns)    Netlist Resource(s)
  -------------------------------------------------------------------    -------------------
                         (clock sys_clk_pin rise edge)
                                                      0.000     0.000 r  
    W5                                                0.000     0.000 r  CLK100MHZ (IN)
                         net (fo=0)                   0.000     0.000    CLK100MHZ
    W5                   IBUF (Prop_ibuf_I_O)         1.458     1.458 r  CLK100MHZ_IBUF_inst/O
                         net (fo=1, routed)           1.967     3.425    CLK100MHZ_IBUF
    BUFGCTRL_X0Y0        BUFG (Prop_bufg_I_O)         0.096     3.521 r  CLK100MHZ_IBUF_BUFG_inst/O
                         net (fo=27, routed)          1.633     5.154    Inst_Divisor/CLK100MHZ_IBUF_BUFG
    SLICE_X1Y13          FDRE                                         r  Inst_Divisor/s_contador_reg[20]/C
  -------------------------------------------------------------------    -------------------
    SLICE_X1Y13          FDRE (Prop_fdre_C_Q)         0.456     5.610 r  Inst_Divisor/s_contador_reg[20]/Q
                         net (fo=2, routed)           0.686     6.297    Inst_Divisor/s_contador[20]
    SLICE_X0Y13          LUT4 (Prop_lut4_I3_O)        0.124     6.421 f  Inst_Divisor/s_contador[25]_i_4/O
                         net (fo=1, routed)           1.017     7.438    Inst_Divisor/s_contador[25]_i_4_n_0
    SLICE_X0Y12          LUT6 (Prop_lut6_I1_O)        0.124     7.562 r  Inst_Divisor/s_contador[25]_i_2/O
                         net (fo=26, routed)          0.665     8.227    Inst_Divisor/s_clk_out_0
    SLICE_X1Y9           FDRE                                         r  Inst_Divisor/s_contador_reg[1]/R
  -------------------------------------------------------------------    -------------------

                         (clock sys_clk_pin rise edge)
                                                     10.000    10.000 r  
    W5                                                0.000    10.000 r  CLK100MHZ (IN)
                         net (fo=0)                   0.000    10.000    CLK100MHZ
    W5                   IBUF (Prop_ibuf_I_O)         1.388    11.388 r  CLK100MHZ_IBUF_inst/O
                         net (fo=1, routed)           1.862    13.250    CLK100MHZ_IBUF
    BUFGCTRL_X0Y0        BUFG (Prop_bufg_I_O)         0.091    13.341 r  CLK100MHZ_IBUF_BUFG_inst/O
                         net (fo=27, routed)          1.517    14.858    Inst_Divisor/CLK100MHZ_IBUF_BUFG
    SLICE_X1Y9           FDRE                                         r  Inst_Divisor/s_contador_reg[1]/C
                         clock pessimism              0.274    15.132    
                         clock uncertainty           -0.035    15.097    
    SLICE_X1Y9           FDRE (Setup_fdre_C_R)       -0.429    14.668    Inst_Divisor/s_contador_reg[1]
  -------------------------------------------------------------------
                         required time                         14.668    
                         arrival time                          -8.227    
  -------------------------------------------------------------------
                         slack                                  6.441    

Slack (MET) :             6.441ns  (required time - arrival time)
  Source:                 Inst_Divisor/s_contador_reg[20]/C
                            (rising edge-triggered cell FDRE clocked by sys_clk_pin  {rise@0.000ns fall@5.000ns period=10.000ns})
  Destination:            Inst_Divisor/s_contador_reg[2]/R
                            (rising edge-triggered cell FDRE clocked by sys_clk_pin  {rise@0.000ns fall@5.000ns period=10.000ns})
  Path Group:             sys_clk_pin
  Path Type:              Setup (Max at Slow Process Corner)
  Requirement:            10.000ns  (sys_clk_pin rise@10.000ns - sys_clk_pin rise@0.000ns)
  Data Path Delay:        3.072ns  (logic 0.704ns (22.914%)  route 2.368ns (77.086%))
  Logic Levels:           2  (LUT4=1 LUT6=1)
  Clock Path Skew:        -0.022ns (DCD - SCD + CPR)
    Destination Clock Delay (DCD):    4.858ns = ( 14.858 - 10.000 ) 
    Source Clock Delay      (SCD):    5.154ns
    Clock Pessimism Removal (CPR):    0.274ns
  Clock Uncertainty:      0.035ns  ((TSJ^2 + TIJ^2)^1/2 + DJ) / 2 + PE
    Total System Jitter     (TSJ):    0.071ns
    Total Input Jitter      (TIJ):    0.000ns
    Discrete Jitter          (DJ):    0.000ns
    Phase Error              (PE):    0.000ns

    Location             Delay type                Incr(ns)  Path(ns)    Netlist Resource(s)
  -------------------------------------------------------------------    -------------------
                         (clock sys_clk_pin rise edge)
                                                      0.000     0.000 r  
    W5                                                0.000     0.000 r  CLK100MHZ (IN)
                         net (fo=0)                   0.000     0.000    CLK100MHZ
    W5                   IBUF (Prop_ibuf_I_O)         1.458     1.458 r  CLK100MHZ_IBUF_inst/O
                         net (fo=1, routed)           1.967     3.425    CLK100MHZ_IBUF
    BUFGCTRL_X0Y0        BUFG (Prop_bufg_I_O)         0.096     3.521 r  CLK100MHZ_IBUF_BUFG_inst/O
                         net (fo=27, routed)          1.633     5.154    Inst_Divisor/CLK100MHZ_IBUF_BUFG
    SLICE_X1Y13          FDRE                                         r  Inst_Divisor/s_contador_reg[20]/C
  -------------------------------------------------------------------    -------------------
    SLICE_X1Y13          FDRE (Prop_fdre_C_Q)         0.456     5.610 r  Inst_Divisor/s_contador_reg[20]/Q
                         net (fo=2, routed)           0.686     6.297    Inst_Divisor/s_contador[20]
    SLICE_X0Y13          LUT4 (Prop_lut4_I3_O)        0.124     6.421 f  Inst_Divisor/s_contador[25]_i_4/O
                         net (fo=1, routed)           1.017     7.438    Inst_Divisor/s_contador[25]_i_4_n_0
    SLICE_X0Y12          LUT6 (Prop_lut6_I1_O)        0.124     7.562 r  Inst_Divisor/s_contador[25]_i_2/O
                         net (fo=26, routed)          0.665     8.227    Inst_Divisor/s_clk_out_0
    SLICE_X1Y9           FDRE                                         r  Inst_Divisor/s_contador_reg[2]/R
  -------------------------------------------------------------------    -------------------

                         (clock sys_clk_pin rise edge)
                                                     10.000    10.000 r  
    W5                                                0.000    10.000 r  CLK100MHZ (IN)
                         net (fo=0)                   0.000    10.000    CLK100MHZ
    W5                   IBUF (Prop_ibuf_I_O)         1.388    11.388 r  CLK100MHZ_IBUF_inst/O
                         net (fo=1, routed)           1.862    13.250    CLK100MHZ_IBUF
    BUFGCTRL_X0Y0        BUFG (Prop_bufg_I_O)         0.091    13.341 r  CLK100MHZ_IBUF_BUFG_inst/O
                         net (fo=27, routed)          1.517    14.858    Inst_Divisor/CLK100MHZ_IBUF_BUFG
    SLICE_X1Y9           FDRE                                         r  Inst_Divisor/s_contador_reg[2]/C
                         clock pessimism              0.274    15.132    
                         clock uncertainty           -0.035    15.097    
    SLICE_X1Y9           FDRE (Setup_fdre_C_R)       -0.429    14.668    Inst_Divisor/s_contador_reg[2]
  -------------------------------------------------------------------
                         required time                         14.668    
                         arrival time                          -8.227    
  -------------------------------------------------------------------
                         slack                                  6.441    

Slack (MET) :             6.441ns  (required time - arrival time)
  Source:                 Inst_Divisor/s_contador_reg[20]/C
                            (rising edge-triggered cell FDRE clocked by sys_clk_pin  {rise@0.000ns fall@5.000ns period=10.000ns})
  Destination:            Inst_Divisor/s_contador_reg[3]/R
                            (rising edge-triggered cell FDRE clocked by sys_clk_pin  {rise@0.000ns fall@5.000ns period=10.000ns})
  Path Group:             sys_clk_pin
  Path Type:              Setup (Max at Slow Process Corner)
  Requirement:            10.000ns  (sys_clk_pin rise@10.000ns - sys_clk_pin rise@0.000ns)
  Data Path Delay:        3.072ns  (logic 0.704ns (22.914%)  route 2.368ns (77.086%))
  Logic Levels:           2  (LUT4=1 LUT6=1)
  Clock Path Skew:        -0.022ns (DCD - SCD + CPR)
    Destination Clock Delay (DCD):    4.858ns = ( 14.858 - 10.000 ) 
    Source Clock Delay      (SCD):    5.154ns
    Clock Pessimism Removal (CPR):    0.274ns
  Clock Uncertainty:      0.035ns  ((TSJ^2 + TIJ^2)^1/2 + DJ) / 2 + PE
    Total System Jitter     (TSJ):    0.071ns
    Total Input Jitter      (TIJ):    0.000ns
    Discrete Jitter          (DJ):    0.000ns
    Phase Error              (PE):    0.000ns

    Location             Delay type                Incr(ns)  Path(ns)    Netlist Resource(s)
  -------------------------------------------------------------------    -------------------
                         (clock sys_clk_pin rise edge)
                                                      0.000     0.000 r  
    W5                                                0.000     0.000 r  CLK100MHZ (IN)
                         net (fo=0)                   0.000     0.000    CLK100MHZ
    W5                   IBUF (Prop_ibuf_I_O)         1.458     1.458 r  CLK100MHZ_IBUF_inst/O
                         net (fo=1, routed)           1.967     3.425    CLK100MHZ_IBUF
    BUFGCTRL_X0Y0        BUFG (Prop_bufg_I_O)         0.096     3.521 r  CLK100MHZ_IBUF_BUFG_inst/O
                         net (fo=27, routed)          1.633     5.154    Inst_Divisor/CLK100MHZ_IBUF_BUFG
    SLICE_X1Y13          FDRE                                         r  Inst_Divisor/s_contador_reg[20]/C
  -------------------------------------------------------------------    -------------------
    SLICE_X1Y13          FDRE (Prop_fdre_C_Q)         0.456     5.610 r  Inst_Divisor/s_contador_reg[20]/Q
                         net (fo=2, routed)           0.686     6.297    Inst_Divisor/s_contador[20]
    SLICE_X0Y13          LUT4 (Prop_lut4_I3_O)        0.124     6.421 f  Inst_Divisor/s_contador[25]_i_4/O
                         net (fo=1, routed)           1.017     7.438    Inst_Divisor/s_contador[25]_i_4_n_0
    SLICE_X0Y12          LUT6 (Prop_lut6_I1_O)        0.124     7.562 r  Inst_Divisor/s_contador[25]_i_2/O
                         net (fo=26, routed)          0.665     8.227    Inst_Divisor/s_clk_out_0
    SLICE_X1Y9           FDRE                                         r  Inst_Divisor/s_contador_reg[3]/R
  -------------------------------------------------------------------    -------------------

                         (clock sys_clk_pin rise edge)
                                                     10.000    10.000 r  
    W5                                                0.000    10.000 r  CLK100MHZ (IN)
                         net (fo=0)                   0.000    10.000    CLK100MHZ
    W5                   IBUF (Prop_ibuf_I_O)         1.388    11.388 r  CLK100MHZ_IBUF_inst/O
                         net (fo=1, routed)           1.862    13.250    CLK100MHZ_IBUF
    BUFGCTRL_X0Y0        BUFG (Prop_bufg_I_O)         0.091    13.341 r  CLK100MHZ_IBUF_BUFG_inst/O
                         net (fo=27, routed)          1.517    14.858    Inst_Divisor/CLK100MHZ_IBUF_BUFG
    SLICE_X1Y9           FDRE                                         r  Inst_Divisor/s_contador_reg[3]/C
                         clock pessimism              0.274    15.132    
                         clock uncertainty           -0.035    15.097    
    SLICE_X1Y9           FDRE (Setup_fdre_C_R)       -0.429    14.668    Inst_Divisor/s_contador_reg[3]
  -------------------------------------------------------------------
                         required time                         14.668    
                         arrival time                          -8.227    
  -------------------------------------------------------------------
                         slack                                  6.441    

Slack (MET) :             6.441ns  (required time - arrival time)
  Source:                 Inst_Divisor/s_contador_reg[20]/C
                            (rising edge-triggered cell FDRE clocked by sys_clk_pin  {rise@0.000ns fall@5.000ns period=10.000ns})
  Destination:            Inst_Divisor/s_contador_reg[4]/R
                            (rising edge-triggered cell FDRE clocked by sys_clk_pin  {rise@0.000ns fall@5.000ns period=10.000ns})
  Path Group:             sys_clk_pin
  Path Type:              Setup (Max at Slow Process Corner)
  Requirement:            10.000ns  (sys_clk_pin rise@10.000ns - sys_clk_pin rise@0.000ns)
  Data Path Delay:        3.072ns  (logic 0.704ns (22.914%)  route 2.368ns (77.086%))
  Logic Levels:           2  (LUT4=1 LUT6=1)
  Clock Path Skew:        -0.022ns (DCD - SCD + CPR)
    Destination Clock Delay (DCD):    4.858ns = ( 14.858 - 10.000 ) 
    Source Clock Delay      (SCD):    5.154ns
    Clock Pessimism Removal (CPR):    0.274ns
  Clock Uncertainty:      0.035ns  ((TSJ^2 + TIJ^2)^1/2 + DJ) / 2 + PE
    Total System Jitter     (TSJ):    0.071ns
    Total Input Jitter      (TIJ):    0.000ns
    Discrete Jitter          (DJ):    0.000ns
    Phase Error              (PE):    0.000ns

    Location             Delay type                Incr(ns)  Path(ns)    Netlist Resource(s)
  -------------------------------------------------------------------    -------------------
                         (clock sys_clk_pin rise edge)
                                                      0.000     0.000 r  
    W5                                                0.000     0.000 r  CLK100MHZ (IN)
                         net (fo=0)                   0.000     0.000    CLK100MHZ
    W5                   IBUF (Prop_ibuf_I_O)         1.458     1.458 r  CLK100MHZ_IBUF_inst/O
                         net (fo=1, routed)           1.967     3.425    CLK100MHZ_IBUF
    BUFGCTRL_X0Y0        BUFG (Prop_bufg_I_O)         0.096     3.521 r  CLK100MHZ_IBUF_BUFG_inst/O
                         net (fo=27, routed)          1.633     5.154    Inst_Divisor/CLK100MHZ_IBUF_BUFG
    SLICE_X1Y13          FDRE                                         r  Inst_Divisor/s_contador_reg[20]/C
  -------------------------------------------------------------------    -------------------
    SLICE_X1Y13          FDRE (Prop_fdre_C_Q)         0.456     5.610 r  Inst_Divisor/s_contador_reg[20]/Q
                         net (fo=2, routed)           0.686     6.297    Inst_Divisor/s_contador[20]
    SLICE_X0Y13          LUT4 (Prop_lut4_I3_O)        0.124     6.421 f  Inst_Divisor/s_contador[25]_i_4/O
                         net (fo=1, routed)           1.017     7.438    Inst_Divisor/s_contador[25]_i_4_n_0
    SLICE_X0Y12          LUT6 (Prop_lut6_I1_O)        0.124     7.562 r  Inst_Divisor/s_contador[25]_i_2/O
                         net (fo=26, routed)          0.665     8.227    Inst_Divisor/s_clk_out_0
    SLICE_X1Y9           FDRE                                         r  Inst_Divisor/s_contador_reg[4]/R
  -------------------------------------------------------------------    -------------------

                         (clock sys_clk_pin rise edge)
                                                     10.000    10.000 r  
    W5                                                0.000    10.000 r  CLK100MHZ (IN)
                         net (fo=0)                   0.000    10.000    CLK100MHZ
    W5                   IBUF (Prop_ibuf_I_O)         1.388    11.388 r  CLK100MHZ_IBUF_inst/O
                         net (fo=1, routed)           1.862    13.250    CLK100MHZ_IBUF
    BUFGCTRL_X0Y0        BUFG (Prop_bufg_I_O)         0.091    13.341 r  CLK100MHZ_IBUF_BUFG_inst/O
                         net (fo=27, routed)          1.517    14.858    Inst_Divisor/CLK100MHZ_IBUF_BUFG
    SLICE_X1Y9           FDRE                                         r  Inst_Divisor/s_contador_reg[4]/C
                         clock pessimism              0.274    15.132    
                         clock uncertainty           -0.035    15.097    
    SLICE_X1Y9           FDRE (Setup_fdre_C_R)       -0.429    14.668    Inst_Divisor/s_contador_reg[4]
  -------------------------------------------------------------------
                         required time                         14.668    
                         arrival time                          -8.227    
  -------------------------------------------------------------------
                         slack                                  6.441    

Slack (MET) :             6.442ns  (required time - arrival time)
  Source:                 Inst_Divisor/s_contador_reg[20]/C
                            (rising edge-triggered cell FDRE clocked by sys_clk_pin  {rise@0.000ns fall@5.000ns period=10.000ns})
  Destination:            Inst_Divisor/s_contador_reg[25]/R
                            (rising edge-triggered cell FDRE clocked by sys_clk_pin  {rise@0.000ns fall@5.000ns period=10.000ns})
  Path Group:             sys_clk_pin
  Path Type:              Setup (Max at Slow Process Corner)
  Requirement:            10.000ns  (sys_clk_pin rise@10.000ns - sys_clk_pin rise@0.000ns)
  Data Path Delay:        3.068ns  (logic 0.704ns (22.949%)  route 2.364ns (77.051%))
  Logic Levels:           2  (LUT4=1 LUT6=1)
  Clock Path Skew:        -0.026ns (DCD - SCD + CPR)
    Destination Clock Delay (DCD):    4.854ns = ( 14.854 - 10.000 ) 
    Source Clock Delay      (SCD):    5.154ns
    Clock Pessimism Removal (CPR):    0.274ns
  Clock Uncertainty:      0.035ns  ((TSJ^2 + TIJ^2)^1/2 + DJ) / 2 + PE
    Total System Jitter     (TSJ):    0.071ns
    Total Input Jitter      (TIJ):    0.000ns
    Discrete Jitter          (DJ):    0.000ns
    Phase Error              (PE):    0.000ns

    Location             Delay type                Incr(ns)  Path(ns)    Netlist Resource(s)
  -------------------------------------------------------------------    -------------------
                         (clock sys_clk_pin rise edge)
                                                      0.000     0.000 r  
    W5                                                0.000     0.000 r  CLK100MHZ (IN)
                         net (fo=0)                   0.000     0.000    CLK100MHZ
    W5                   IBUF (Prop_ibuf_I_O)         1.458     1.458 r  CLK100MHZ_IBUF_inst/O
                         net (fo=1, routed)           1.967     3.425    CLK100MHZ_IBUF
    BUFGCTRL_X0Y0        BUFG (Prop_bufg_I_O)         0.096     3.521 r  CLK100MHZ_IBUF_BUFG_inst/O
                         net (fo=27, routed)          1.633     5.154    Inst_Divisor/CLK100MHZ_IBUF_BUFG
    SLICE_X1Y13          FDRE                                         r  Inst_Divisor/s_contador_reg[20]/C
  -------------------------------------------------------------------    -------------------
    SLICE_X1Y13          FDRE (Prop_fdre_C_Q)         0.456     5.610 r  Inst_Divisor/s_contador_reg[20]/Q
                         net (fo=2, routed)           0.686     6.297    Inst_Divisor/s_contador[20]
    SLICE_X0Y13          LUT4 (Prop_lut4_I3_O)        0.124     6.421 f  Inst_Divisor/s_contador[25]_i_4/O
                         net (fo=1, routed)           1.017     7.438    Inst_Divisor/s_contador[25]_i_4_n_0
    SLICE_X0Y12          LUT6 (Prop_lut6_I1_O)        0.124     7.562 r  Inst_Divisor/s_contador[25]_i_2/O
                         net (fo=26, routed)          0.660     8.222    Inst_Divisor/s_clk_out_0
    SLICE_X1Y15          FDRE                                         r  Inst_Divisor/s_contador_reg[25]/R
  -------------------------------------------------------------------    -------------------

                         (clock sys_clk_pin rise edge)
                                                     10.000    10.000 r  
    W5                                                0.000    10.000 r  CLK100MHZ (IN)
                         net (fo=0)                   0.000    10.000    CLK100MHZ
    W5                   IBUF (Prop_ibuf_I_O)         1.388    11.388 r  CLK100MHZ_IBUF_inst/O
                         net (fo=1, routed)           1.862    13.250    CLK100MHZ_IBUF
    BUFGCTRL_X0Y0        BUFG (Prop_bufg_I_O)         0.091    13.341 r  CLK100MHZ_IBUF_BUFG_inst/O
                         net (fo=27, routed)          1.513    14.854    Inst_Divisor/CLK100MHZ_IBUF_BUFG
    SLICE_X1Y15          FDRE                                         r  Inst_Divisor/s_contador_reg[25]/C
                         clock pessimism              0.274    15.128    
                         clock uncertainty           -0.035    15.093    
    SLICE_X1Y15          FDRE (Setup_fdre_C_R)       -0.429    14.664    Inst_Divisor/s_contador_reg[25]
  -------------------------------------------------------------------
                         required time                         14.664    
                         arrival time                          -8.222    
  -------------------------------------------------------------------
                         slack                                  6.442    

Slack (MET) :             6.533ns  (required time - arrival time)
  Source:                 Inst_Divisor/s_contador_reg[20]/C
                            (rising edge-triggered cell FDRE clocked by sys_clk_pin  {rise@0.000ns fall@5.000ns period=10.000ns})
  Destination:            Inst_Divisor/s_contador_reg[5]/R
                            (rising edge-triggered cell FDRE clocked by sys_clk_pin  {rise@0.000ns fall@5.000ns period=10.000ns})
  Path Group:             sys_clk_pin
  Path Type:              Setup (Max at Slow Process Corner)
  Requirement:            10.000ns  (sys_clk_pin rise@10.000ns - sys_clk_pin rise@0.000ns)
  Data Path Delay:        2.980ns  (logic 0.704ns (23.621%)  route 2.276ns (76.379%))
  Logic Levels:           2  (LUT4=1 LUT6=1)
  Clock Path Skew:        -0.022ns (DCD - SCD + CPR)
    Destination Clock Delay (DCD):    4.858ns = ( 14.858 - 10.000 ) 
    Source Clock Delay      (SCD):    5.154ns
    Clock Pessimism Removal (CPR):    0.274ns
  Clock Uncertainty:      0.035ns  ((TSJ^2 + TIJ^2)^1/2 + DJ) / 2 + PE
    Total System Jitter     (TSJ):    0.071ns
    Total Input Jitter      (TIJ):    0.000ns
    Discrete Jitter          (DJ):    0.000ns
    Phase Error              (PE):    0.000ns

    Location             Delay type                Incr(ns)  Path(ns)    Netlist Resource(s)
  -------------------------------------------------------------------    -------------------
                         (clock sys_clk_pin rise edge)
                                                      0.000     0.000 r  
    W5                                                0.000     0.000 r  CLK100MHZ (IN)
                         net (fo=0)                   0.000     0.000    CLK100MHZ
    W5                   IBUF (Prop_ibuf_I_O)         1.458     1.458 r  CLK100MHZ_IBUF_inst/O
                         net (fo=1, routed)           1.967     3.425    CLK100MHZ_IBUF
    BUFGCTRL_X0Y0        BUFG (Prop_bufg_I_O)         0.096     3.521 r  CLK100MHZ_IBUF_BUFG_inst/O
                         net (fo=27, routed)          1.633     5.154    Inst_Divisor/CLK100MHZ_IBUF_BUFG
    SLICE_X1Y13          FDRE                                         r  Inst_Divisor/s_contador_reg[20]/C
  -------------------------------------------------------------------    -------------------
    SLICE_X1Y13          FDRE (Prop_fdre_C_Q)         0.456     5.610 r  Inst_Divisor/s_contador_reg[20]/Q
                         net (fo=2, routed)           0.686     6.297    Inst_Divisor/s_contador[20]
    SLICE_X0Y13          LUT4 (Prop_lut4_I3_O)        0.124     6.421 f  Inst_Divisor/s_contador[25]_i_4/O
                         net (fo=1, routed)           1.017     7.438    Inst_Divisor/s_contador[25]_i_4_n_0
    SLICE_X0Y12          LUT6 (Prop_lut6_I1_O)        0.124     7.562 r  Inst_Divisor/s_contador[25]_i_2/O
                         net (fo=26, routed)          0.573     8.135    Inst_Divisor/s_clk_out_0
    SLICE_X1Y10          FDRE                                         r  Inst_Divisor/s_contador_reg[5]/R
  -------------------------------------------------------------------    -------------------

                         (clock sys_clk_pin rise edge)
                                                     10.000    10.000 r  
    W5                                                0.000    10.000 r  CLK100MHZ (IN)
                         net (fo=0)                   0.000    10.000    CLK100MHZ
    W5                   IBUF (Prop_ibuf_I_O)         1.388    11.388 r  CLK100MHZ_IBUF_inst/O
                         net (fo=1, routed)           1.862    13.250    CLK100MHZ_IBUF
    BUFGCTRL_X0Y0        BUFG (Prop_bufg_I_O)         0.091    13.341 r  CLK100MHZ_IBUF_BUFG_inst/O
                         net (fo=27, routed)          1.517    14.858    Inst_Divisor/CLK100MHZ_IBUF_BUFG
    SLICE_X1Y10          FDRE                                         r  Inst_Divisor/s_contador_reg[5]/C
                         clock pessimism              0.274    15.132    
                         clock uncertainty           -0.035    15.097    
    SLICE_X1Y10          FDRE (Setup_fdre_C_R)       -0.429    14.668    Inst_Divisor/s_contador_reg[5]
  -------------------------------------------------------------------
                         required time                         14.668    
                         arrival time                          -8.135    
  -------------------------------------------------------------------
                         slack                                  6.533    





Min Delay Paths
--------------------------------------------------------------------------------------
Slack (MET) :             0.263ns  (arrival time - required time)
  Source:                 Inst_Divisor/s_contador_reg[16]/C
                            (rising edge-triggered cell FDRE clocked by sys_clk_pin  {rise@0.000ns fall@5.000ns period=10.000ns})
  Destination:            Inst_Divisor/s_contador_reg[16]/D
                            (rising edge-triggered cell FDRE clocked by sys_clk_pin  {rise@0.000ns fall@5.000ns period=10.000ns})
  Path Group:             sys_clk_pin
  Path Type:              Hold (Min at Fast Process Corner)
  Requirement:            0.000ns  (sys_clk_pin rise@0.000ns - sys_clk_pin rise@0.000ns)
  Data Path Delay:        0.368ns  (logic 0.249ns (67.612%)  route 0.119ns (32.388%))
  Logic Levels:           1  (CARRY4=1)
  Clock Path Skew:        0.000ns (DCD - SCD - CPR)
    Destination Clock Delay (DCD):    1.989ns
    Source Clock Delay      (SCD):    1.475ns
    Clock Pessimism Removal (CPR):    0.514ns

    Location             Delay type                Incr(ns)  Path(ns)    Netlist Resource(s)
  -------------------------------------------------------------------    -------------------
                         (clock sys_clk_pin rise edge)
                                                      0.000     0.000 r  
    W5                                                0.000     0.000 r  CLK100MHZ (IN)
                         net (fo=0)                   0.000     0.000    CLK100MHZ
    W5                   IBUF (Prop_ibuf_I_O)         0.226     0.226 r  CLK100MHZ_IBUF_inst/O
                         net (fo=1, routed)           0.631     0.858    CLK100MHZ_IBUF
    BUFGCTRL_X0Y0        BUFG (Prop_bufg_I_O)         0.026     0.884 r  CLK100MHZ_IBUF_BUFG_inst/O
                         net (fo=27, routed)          0.592     1.475    Inst_Divisor/CLK100MHZ_IBUF_BUFG
    SLICE_X1Y12          FDRE                                         r  Inst_Divisor/s_contador_reg[16]/C
  -------------------------------------------------------------------    -------------------
    SLICE_X1Y12          FDRE (Prop_fdre_C_Q)         0.141     1.616 r  Inst_Divisor/s_contador_reg[16]/Q
                         net (fo=2, routed)           0.119     1.735    Inst_Divisor/s_contador[16]
    SLICE_X1Y12          CARRY4 (Prop_carry4_S[3]_O[3])
                                                      0.108     1.843 r  Inst_Divisor/s_contador0_carry__2/O[3]
                         net (fo=1, routed)           0.000     1.843    Inst_Divisor/data0[16]
    SLICE_X1Y12          FDRE                                         r  Inst_Divisor/s_contador_reg[16]/D
  -------------------------------------------------------------------    -------------------

                         (clock sys_clk_pin rise edge)
                                                      0.000     0.000 r  
    W5                                                0.000     0.000 r  CLK100MHZ (IN)
                         net (fo=0)                   0.000     0.000    CLK100MHZ
    W5                   IBUF (Prop_ibuf_I_O)         0.414     0.414 r  CLK100MHZ_IBUF_inst/O
                         net (fo=1, routed)           0.685     1.099    CLK100MHZ_IBUF
    BUFGCTRL_X0Y0        BUFG (Prop_bufg_I_O)         0.029     1.128 r  CLK100MHZ_IBUF_BUFG_inst/O
                         net (fo=27, routed)          0.862     1.989    Inst_Divisor/CLK100MHZ_IBUF_BUFG
    SLICE_X1Y12          FDRE                                         r  Inst_Divisor/s_contador_reg[16]/C
                         clock pessimism             -0.514     1.475    
    SLICE_X1Y12          FDRE (Hold_fdre_C_D)         0.105     1.580    Inst_Divisor/s_contador_reg[16]
  -------------------------------------------------------------------
                         required time                         -1.580    
                         arrival time                           1.843    
  -------------------------------------------------------------------
                         slack                                  0.263    

Slack (MET) :             0.263ns  (arrival time - required time)
  Source:                 Inst_Divisor/s_contador_reg[12]/C
                            (rising edge-triggered cell FDRE clocked by sys_clk_pin  {rise@0.000ns fall@5.000ns period=10.000ns})
  Destination:            Inst_Divisor/s_contador_reg[12]/D
                            (rising edge-triggered cell FDRE clocked by sys_clk_pin  {rise@0.000ns fall@5.000ns period=10.000ns})
  Path Group:             sys_clk_pin
  Path Type:              Hold (Min at Fast Process Corner)
  Requirement:            0.000ns  (sys_clk_pin rise@0.000ns - sys_clk_pin rise@0.000ns)
  Data Path Delay:        0.368ns  (logic 0.249ns (67.612%)  route 0.119ns (32.388%))
  Logic Levels:           1  (CARRY4=1)
  Clock Path Skew:        0.000ns (DCD - SCD - CPR)
    Destination Clock Delay (DCD):    1.991ns
    Source Clock Delay      (SCD):    1.476ns
    Clock Pessimism Removal (CPR):    0.515ns

    Location             Delay type                Incr(ns)  Path(ns)    Netlist Resource(s)
  -------------------------------------------------------------------    -------------------
                         (clock sys_clk_pin rise edge)
                                                      0.000     0.000 r  
    W5                                                0.000     0.000 r  CLK100MHZ (IN)
                         net (fo=0)                   0.000     0.000    CLK100MHZ
    W5                   IBUF (Prop_ibuf_I_O)         0.226     0.226 r  CLK100MHZ_IBUF_inst/O
                         net (fo=1, routed)           0.631     0.858    CLK100MHZ_IBUF
    BUFGCTRL_X0Y0        BUFG (Prop_bufg_I_O)         0.026     0.884 r  CLK100MHZ_IBUF_BUFG_inst/O
                         net (fo=27, routed)          0.593     1.476    Inst_Divisor/CLK100MHZ_IBUF_BUFG
    SLICE_X1Y11          FDRE                                         r  Inst_Divisor/s_contador_reg[12]/C
  -------------------------------------------------------------------    -------------------
    SLICE_X1Y11          FDRE (Prop_fdre_C_Q)         0.141     1.617 r  Inst_Divisor/s_contador_reg[12]/Q
                         net (fo=2, routed)           0.119     1.736    Inst_Divisor/s_contador[12]
    SLICE_X1Y11          CARRY4 (Prop_carry4_S[3]_O[3])
                                                      0.108     1.844 r  Inst_Divisor/s_contador0_carry__1/O[3]
                         net (fo=1, routed)           0.000     1.844    Inst_Divisor/data0[12]
    SLICE_X1Y11          FDRE                                         r  Inst_Divisor/s_contador_reg[12]/D
  -------------------------------------------------------------------    -------------------

                         (clock sys_clk_pin rise edge)
                                                      0.000     0.000 r  
    W5                                                0.000     0.000 r  CLK100MHZ (IN)
                         net (fo=0)                   0.000     0.000    CLK100MHZ
    W5                   IBUF (Prop_ibuf_I_O)         0.414     0.414 r  CLK100MHZ_IBUF_inst/O
                         net (fo=1, routed)           0.685     1.099    CLK100MHZ_IBUF
    BUFGCTRL_X0Y0        BUFG (Prop_bufg_I_O)         0.029     1.128 r  CLK100MHZ_IBUF_BUFG_inst/O
                         net (fo=27, routed)          0.864     1.991    Inst_Divisor/CLK100MHZ_IBUF_BUFG
    SLICE_X1Y11          FDRE                                         r  Inst_Divisor/s_contador_reg[12]/C
                         clock pessimism             -0.515     1.476    
    SLICE_X1Y11          FDRE (Hold_fdre_C_D)         0.105     1.581    Inst_Divisor/s_contador_reg[12]
  -------------------------------------------------------------------
                         required time                         -1.581    
                         arrival time                           1.844    
  -------------------------------------------------------------------
                         slack                                  0.263    

Slack (MET) :             0.263ns  (arrival time - required time)
  Source:                 Inst_Divisor/s_contador_reg[20]/C
                            (rising edge-triggered cell FDRE clocked by sys_clk_pin  {rise@0.000ns fall@5.000ns period=10.000ns})
  Destination:            Inst_Divisor/s_contador_reg[20]/D
                            (rising edge-triggered cell FDRE clocked by sys_clk_pin  {rise@0.000ns fall@5.000ns period=10.000ns})
  Path Group:             sys_clk_pin
  Path Type:              Hold (Min at Fast Process Corner)
  Requirement:            0.000ns  (sys_clk_pin rise@0.000ns - sys_clk_pin rise@0.000ns)
  Data Path Delay:        0.368ns  (logic 0.249ns (67.612%)  route 0.119ns (32.388%))
  Logic Levels:           1  (CARRY4=1)
  Clock Path Skew:        0.000ns (DCD - SCD - CPR)
    Destination Clock Delay (DCD):    1.988ns
    Source Clock Delay      (SCD):    1.474ns
    Clock Pessimism Removal (CPR):    0.514ns

    Location             Delay type                Incr(ns)  Path(ns)    Netlist Resource(s)
  -------------------------------------------------------------------    -------------------
                         (clock sys_clk_pin rise edge)
                                                      0.000     0.000 r  
    W5                                                0.000     0.000 r  CLK100MHZ (IN)
                         net (fo=0)                   0.000     0.000    CLK100MHZ
    W5                   IBUF (Prop_ibuf_I_O)         0.226     0.226 r  CLK100MHZ_IBUF_inst/O
                         net (fo=1, routed)           0.631     0.858    CLK100MHZ_IBUF
    BUFGCTRL_X0Y0        BUFG (Prop_bufg_I_O)         0.026     0.884 r  CLK100MHZ_IBUF_BUFG_inst/O
                         net (fo=27, routed)          0.591     1.474    Inst_Divisor/CLK100MHZ_IBUF_BUFG
    SLICE_X1Y13          FDRE                                         r  Inst_Divisor/s_contador_reg[20]/C
  -------------------------------------------------------------------    -------------------
    SLICE_X1Y13          FDRE (Prop_fdre_C_Q)         0.141     1.615 r  Inst_Divisor/s_contador_reg[20]/Q
                         net (fo=2, routed)           0.119     1.734    Inst_Divisor/s_contador[20]
    SLICE_X1Y13          CARRY4 (Prop_carry4_S[3]_O[3])
                                                      0.108     1.842 r  Inst_Divisor/s_contador0_carry__3/O[3]
                         net (fo=1, routed)           0.000     1.842    Inst_Divisor/data0[20]
    SLICE_X1Y13          FDRE                                         r  Inst_Divisor/s_contador_reg[20]/D
  -------------------------------------------------------------------    -------------------

                         (clock sys_clk_pin rise edge)
                                                      0.000     0.000 r  
    W5                                                0.000     0.000 r  CLK100MHZ (IN)
                         net (fo=0)                   0.000     0.000    CLK100MHZ
    W5                   IBUF (Prop_ibuf_I_O)         0.414     0.414 r  CLK100MHZ_IBUF_inst/O
                         net (fo=1, routed)           0.685     1.099    CLK100MHZ_IBUF
    BUFGCTRL_X0Y0        BUFG (Prop_bufg_I_O)         0.029     1.128 r  CLK100MHZ_IBUF_BUFG_inst/O
                         net (fo=27, routed)          0.861     1.988    Inst_Divisor/CLK100MHZ_IBUF_BUFG
    SLICE_X1Y13          FDRE                                         r  Inst_Divisor/s_contador_reg[20]/C
                         clock pessimism             -0.514     1.474    
    SLICE_X1Y13          FDRE (Hold_fdre_C_D)         0.105     1.579    Inst_Divisor/s_contador_reg[20]
  -------------------------------------------------------------------
                         required time                         -1.579    
                         arrival time                           1.842    
  -------------------------------------------------------------------
                         slack                                  0.263    

Slack (MET) :             0.263ns  (arrival time - required time)
  Source:                 Inst_Divisor/s_contador_reg[24]/C
                            (rising edge-triggered cell FDRE clocked by sys_clk_pin  {rise@0.000ns fall@5.000ns period=10.000ns})
  Destination:            Inst_Divisor/s_contador_reg[24]/D
                            (rising edge-triggered cell FDRE clocked by sys_clk_pin  {rise@0.000ns fall@5.000ns period=10.000ns})
  Path Group:             sys_clk_pin
  Path Type:              Hold (Min at Fast Process Corner)
  Requirement:            0.000ns  (sys_clk_pin rise@0.000ns - sys_clk_pin rise@0.000ns)
  Data Path Delay:        0.368ns  (logic 0.249ns (67.612%)  route 0.119ns (32.388%))
  Logic Levels:           1  (CARRY4=1)
  Clock Path Skew:        0.000ns (DCD - SCD - CPR)
    Destination Clock Delay (DCD):    1.988ns
    Source Clock Delay      (SCD):    1.474ns
    Clock Pessimism Removal (CPR):    0.514ns

    Location             Delay type                Incr(ns)  Path(ns)    Netlist Resource(s)
  -------------------------------------------------------------------    -------------------
                         (clock sys_clk_pin rise edge)
                                                      0.000     0.000 r  
    W5                                                0.000     0.000 r  CLK100MHZ (IN)
                         net (fo=0)                   0.000     0.000    CLK100MHZ
    W5                   IBUF (Prop_ibuf_I_O)         0.226     0.226 r  CLK100MHZ_IBUF_inst/O
                         net (fo=1, routed)           0.631     0.858    CLK100MHZ_IBUF
    BUFGCTRL_X0Y0        BUFG (Prop_bufg_I_O)         0.026     0.884 r  CLK100MHZ_IBUF_BUFG_inst/O
                         net (fo=27, routed)          0.591     1.474    Inst_Divisor/CLK100MHZ_IBUF_BUFG
    SLICE_X1Y14          FDRE                                         r  Inst_Divisor/s_contador_reg[24]/C
  -------------------------------------------------------------------    -------------------
    SLICE_X1Y14          FDRE (Prop_fdre_C_Q)         0.141     1.615 r  Inst_Divisor/s_contador_reg[24]/Q
                         net (fo=2, routed)           0.119     1.734    Inst_Divisor/s_contador[24]
    SLICE_X1Y14          CARRY4 (Prop_carry4_S[3]_O[3])
                                                      0.108     1.842 r  Inst_Divisor/s_contador0_carry__4/O[3]
                         net (fo=1, routed)           0.000     1.842    Inst_Divisor/data0[24]
    SLICE_X1Y14          FDRE                                         r  Inst_Divisor/s_contador_reg[24]/D
  -------------------------------------------------------------------    -------------------

                         (clock sys_clk_pin rise edge)
                                                      0.000     0.000 r  
    W5                                                0.000     0.000 r  CLK100MHZ (IN)
                         net (fo=0)                   0.000     0.000    CLK100MHZ
    W5                   IBUF (Prop_ibuf_I_O)         0.414     0.414 r  CLK100MHZ_IBUF_inst/O
                         net (fo=1, routed)           0.685     1.099    CLK100MHZ_IBUF
    BUFGCTRL_X0Y0        BUFG (Prop_bufg_I_O)         0.029     1.128 r  CLK100MHZ_IBUF_BUFG_inst/O
                         net (fo=27, routed)          0.861     1.988    Inst_Divisor/CLK100MHZ_IBUF_BUFG
    SLICE_X1Y14          FDRE                                         r  Inst_Divisor/s_contador_reg[24]/C
                         clock pessimism             -0.514     1.474    
    SLICE_X1Y14          FDRE (Hold_fdre_C_D)         0.105     1.579    Inst_Divisor/s_contador_reg[24]
  -------------------------------------------------------------------
                         required time                         -1.579    
                         arrival time                           1.842    
  -------------------------------------------------------------------
                         slack                                  0.263    

Slack (MET) :             0.263ns  (arrival time - required time)
  Source:                 Inst_Divisor/s_contador_reg[4]/C
                            (rising edge-triggered cell FDRE clocked by sys_clk_pin  {rise@0.000ns fall@5.000ns period=10.000ns})
  Destination:            Inst_Divisor/s_contador_reg[4]/D
                            (rising edge-triggered cell FDRE clocked by sys_clk_pin  {rise@0.000ns fall@5.000ns period=10.000ns})
  Path Group:             sys_clk_pin
  Path Type:              Hold (Min at Fast Process Corner)
  Requirement:            0.000ns  (sys_clk_pin rise@0.000ns - sys_clk_pin rise@0.000ns)
  Data Path Delay:        0.368ns  (logic 0.249ns (67.612%)  route 0.119ns (32.388%))
  Logic Levels:           1  (CARRY4=1)
  Clock Path Skew:        0.000ns (DCD - SCD - CPR)
    Destination Clock Delay (DCD):    1.992ns
    Source Clock Delay      (SCD):    1.477ns
    Clock Pessimism Removal (CPR):    0.515ns

    Location             Delay type                Incr(ns)  Path(ns)    Netlist Resource(s)
  -------------------------------------------------------------------    -------------------
                         (clock sys_clk_pin rise edge)
                                                      0.000     0.000 r  
    W5                                                0.000     0.000 r  CLK100MHZ (IN)
                         net (fo=0)                   0.000     0.000    CLK100MHZ
    W5                   IBUF (Prop_ibuf_I_O)         0.226     0.226 r  CLK100MHZ_IBUF_inst/O
                         net (fo=1, routed)           0.631     0.858    CLK100MHZ_IBUF
    BUFGCTRL_X0Y0        BUFG (Prop_bufg_I_O)         0.026     0.884 r  CLK100MHZ_IBUF_BUFG_inst/O
                         net (fo=27, routed)          0.594     1.477    Inst_Divisor/CLK100MHZ_IBUF_BUFG
    SLICE_X1Y9           FDRE                                         r  Inst_Divisor/s_contador_reg[4]/C
  -------------------------------------------------------------------    -------------------
    SLICE_X1Y9           FDRE (Prop_fdre_C_Q)         0.141     1.618 r  Inst_Divisor/s_contador_reg[4]/Q
                         net (fo=2, routed)           0.119     1.737    Inst_Divisor/s_contador[4]
    SLICE_X1Y9           CARRY4 (Prop_carry4_S[3]_O[3])
                                                      0.108     1.845 r  Inst_Divisor/s_contador0_carry/O[3]
                         net (fo=1, routed)           0.000     1.845    Inst_Divisor/data0[4]
    SLICE_X1Y9           FDRE                                         r  Inst_Divisor/s_contador_reg[4]/D
  -------------------------------------------------------------------    -------------------

                         (clock sys_clk_pin rise edge)
                                                      0.000     0.000 r  
    W5                                                0.000     0.000 r  CLK100MHZ (IN)
                         net (fo=0)                   0.000     0.000    CLK100MHZ
    W5                   IBUF (Prop_ibuf_I_O)         0.414     0.414 r  CLK100MHZ_IBUF_inst/O
                         net (fo=1, routed)           0.685     1.099    CLK100MHZ_IBUF
    BUFGCTRL_X0Y0        BUFG (Prop_bufg_I_O)         0.029     1.128 r  CLK100MHZ_IBUF_BUFG_inst/O
                         net (fo=27, routed)          0.865     1.992    Inst_Divisor/CLK100MHZ_IBUF_BUFG
    SLICE_X1Y9           FDRE                                         r  Inst_Divisor/s_contador_reg[4]/C
                         clock pessimism             -0.515     1.477    
    SLICE_X1Y9           FDRE (Hold_fdre_C_D)         0.105     1.582    Inst_Divisor/s_contador_reg[4]
  -------------------------------------------------------------------
                         required time                         -1.582    
                         arrival time                           1.845    
  -------------------------------------------------------------------
                         slack                                  0.263    

Slack (MET) :             0.263ns  (arrival time - required time)
  Source:                 Inst_Divisor/s_contador_reg[8]/C
                            (rising edge-triggered cell FDRE clocked by sys_clk_pin  {rise@0.000ns fall@5.000ns period=10.000ns})
  Destination:            Inst_Divisor/s_contador_reg[8]/D
                            (rising edge-triggered cell FDRE clocked by sys_clk_pin  {rise@0.000ns fall@5.000ns period=10.000ns})
  Path Group:             sys_clk_pin
  Path Type:              Hold (Min at Fast Process Corner)
  Requirement:            0.000ns  (sys_clk_pin rise@0.000ns - sys_clk_pin rise@0.000ns)
  Data Path Delay:        0.368ns  (logic 0.249ns (67.612%)  route 0.119ns (32.388%))
  Logic Levels:           1  (CARRY4=1)
  Clock Path Skew:        0.000ns (DCD - SCD - CPR)
    Destination Clock Delay (DCD):    1.991ns
    Source Clock Delay      (SCD):    1.476ns
    Clock Pessimism Removal (CPR):    0.515ns

    Location             Delay type                Incr(ns)  Path(ns)    Netlist Resource(s)
  -------------------------------------------------------------------    -------------------
                         (clock sys_clk_pin rise edge)
                                                      0.000     0.000 r  
    W5                                                0.000     0.000 r  CLK100MHZ (IN)
                         net (fo=0)                   0.000     0.000    CLK100MHZ
    W5                   IBUF (Prop_ibuf_I_O)         0.226     0.226 r  CLK100MHZ_IBUF_inst/O
                         net (fo=1, routed)           0.631     0.858    CLK100MHZ_IBUF
    BUFGCTRL_X0Y0        BUFG (Prop_bufg_I_O)         0.026     0.884 r  CLK100MHZ_IBUF_BUFG_inst/O
                         net (fo=27, routed)          0.593     1.476    Inst_Divisor/CLK100MHZ_IBUF_BUFG
    SLICE_X1Y10          FDRE                                         r  Inst_Divisor/s_contador_reg[8]/C
  -------------------------------------------------------------------    -------------------
    SLICE_X1Y10          FDRE (Prop_fdre_C_Q)         0.141     1.617 r  Inst_Divisor/s_contador_reg[8]/Q
                         net (fo=2, routed)           0.119     1.736    Inst_Divisor/s_contador[8]
    SLICE_X1Y10          CARRY4 (Prop_carry4_S[3]_O[3])
                                                      0.108     1.844 r  Inst_Divisor/s_contador0_carry__0/O[3]
                         net (fo=1, routed)           0.000     1.844    Inst_Divisor/data0[8]
    SLICE_X1Y10          FDRE                                         r  Inst_Divisor/s_contador_reg[8]/D
  -------------------------------------------------------------------    -------------------

                         (clock sys_clk_pin rise edge)
                                                      0.000     0.000 r  
    W5                                                0.000     0.000 r  CLK100MHZ (IN)
                         net (fo=0)                   0.000     0.000    CLK100MHZ
    W5                   IBUF (Prop_ibuf_I_O)         0.414     0.414 r  CLK100MHZ_IBUF_inst/O
                         net (fo=1, routed)           0.685     1.099    CLK100MHZ_IBUF
    BUFGCTRL_X0Y0        BUFG (Prop_bufg_I_O)         0.029     1.128 r  CLK100MHZ_IBUF_BUFG_inst/O
                         net (fo=27, routed)          0.864     1.991    Inst_Divisor/CLK100MHZ_IBUF_BUFG
    SLICE_X1Y10          FDRE                                         r  Inst_Divisor/s_contador_reg[8]/C
                         clock pessimism             -0.515     1.476    
    SLICE_X1Y10          FDRE (Hold_fdre_C_D)         0.105     1.581    Inst_Divisor/s_contador_reg[8]
  -------------------------------------------------------------------
                         required time                         -1.581    
                         arrival time                           1.844    
  -------------------------------------------------------------------
                         slack                                  0.263    

Slack (MET) :             0.267ns  (arrival time - required time)
  Source:                 Inst_Divisor/s_contador_reg[15]/C
                            (rising edge-triggered cell FDRE clocked by sys_clk_pin  {rise@0.000ns fall@5.000ns period=10.000ns})
  Destination:            Inst_Divisor/s_contador_reg[15]/D
                            (rising edge-triggered cell FDRE clocked by sys_clk_pin  {rise@0.000ns fall@5.000ns period=10.000ns})
  Path Group:             sys_clk_pin
  Path Type:              Hold (Min at Fast Process Corner)
  Requirement:            0.000ns  (sys_clk_pin rise@0.000ns - sys_clk_pin rise@0.000ns)
  Data Path Delay:        0.372ns  (logic 0.252ns (67.654%)  route 0.120ns (32.346%))
  Logic Levels:           1  (CARRY4=1)
  Clock Path Skew:        0.000ns (DCD - SCD - CPR)
    Destination Clock Delay (DCD):    1.989ns
    Source Clock Delay      (SCD):    1.475ns
    Clock Pessimism Removal (CPR):    0.514ns

    Location             Delay type                Incr(ns)  Path(ns)    Netlist Resource(s)
  -------------------------------------------------------------------    -------------------
                         (clock sys_clk_pin rise edge)
                                                      0.000     0.000 r  
    W5                                                0.000     0.000 r  CLK100MHZ (IN)
                         net (fo=0)                   0.000     0.000    CLK100MHZ
    W5                   IBUF (Prop_ibuf_I_O)         0.226     0.226 r  CLK100MHZ_IBUF_inst/O
                         net (fo=1, routed)           0.631     0.858    CLK100MHZ_IBUF
    BUFGCTRL_X0Y0        BUFG (Prop_bufg_I_O)         0.026     0.884 r  CLK100MHZ_IBUF_BUFG_inst/O
                         net (fo=27, routed)          0.592     1.475    Inst_Divisor/CLK100MHZ_IBUF_BUFG
    SLICE_X1Y12          FDRE                                         r  Inst_Divisor/s_contador_reg[15]/C
  -------------------------------------------------------------------    -------------------
    SLICE_X1Y12          FDRE (Prop_fdre_C_Q)         0.141     1.616 r  Inst_Divisor/s_contador_reg[15]/Q
                         net (fo=2, routed)           0.120     1.737    Inst_Divisor/s_contador[15]
    SLICE_X1Y12          CARRY4 (Prop_carry4_S[2]_O[2])
                                                      0.111     1.848 r  Inst_Divisor/s_contador0_carry__2/O[2]
                         net (fo=1, routed)           0.000     1.848    Inst_Divisor/data0[15]
    SLICE_X1Y12          FDRE                                         r  Inst_Divisor/s_contador_reg[15]/D
  -------------------------------------------------------------------    -------------------

                         (clock sys_clk_pin rise edge)
                                                      0.000     0.000 r  
    W5                                                0.000     0.000 r  CLK100MHZ (IN)
                         net (fo=0)                   0.000     0.000    CLK100MHZ
    W5                   IBUF (Prop_ibuf_I_O)         0.414     0.414 r  CLK100MHZ_IBUF_inst/O
                         net (fo=1, routed)           0.685     1.099    CLK100MHZ_IBUF
    BUFGCTRL_X0Y0        BUFG (Prop_bufg_I_O)         0.029     1.128 r  CLK100MHZ_IBUF_BUFG_inst/O
                         net (fo=27, routed)          0.862     1.989    Inst_Divisor/CLK100MHZ_IBUF_BUFG
    SLICE_X1Y12          FDRE                                         r  Inst_Divisor/s_contador_reg[15]/C
                         clock pessimism             -0.514     1.475    
    SLICE_X1Y12          FDRE (Hold_fdre_C_D)         0.105     1.580    Inst_Divisor/s_contador_reg[15]
  -------------------------------------------------------------------
                         required time                         -1.580    
                         arrival time                           1.848    
  -------------------------------------------------------------------
                         slack                                  0.267    

Slack (MET) :             0.267ns  (arrival time - required time)
  Source:                 Inst_Divisor/s_contador_reg[11]/C
                            (rising edge-triggered cell FDRE clocked by sys_clk_pin  {rise@0.000ns fall@5.000ns period=10.000ns})
  Destination:            Inst_Divisor/s_contador_reg[11]/D
                            (rising edge-triggered cell FDRE clocked by sys_clk_pin  {rise@0.000ns fall@5.000ns period=10.000ns})
  Path Group:             sys_clk_pin
  Path Type:              Hold (Min at Fast Process Corner)
  Requirement:            0.000ns  (sys_clk_pin rise@0.000ns - sys_clk_pin rise@0.000ns)
  Data Path Delay:        0.372ns  (logic 0.252ns (67.654%)  route 0.120ns (32.346%))
  Logic Levels:           1  (CARRY4=1)
  Clock Path Skew:        0.000ns (DCD - SCD - CPR)
    Destination Clock Delay (DCD):    1.991ns
    Source Clock Delay      (SCD):    1.476ns
    Clock Pessimism Removal (CPR):    0.515ns

    Location             Delay type                Incr(ns)  Path(ns)    Netlist Resource(s)
  -------------------------------------------------------------------    -------------------
                         (clock sys_clk_pin rise edge)
                                                      0.000     0.000 r  
    W5                                                0.000     0.000 r  CLK100MHZ (IN)
                         net (fo=0)                   0.000     0.000    CLK100MHZ
    W5                   IBUF (Prop_ibuf_I_O)         0.226     0.226 r  CLK100MHZ_IBUF_inst/O
                         net (fo=1, routed)           0.631     0.858    CLK100MHZ_IBUF
    BUFGCTRL_X0Y0        BUFG (Prop_bufg_I_O)         0.026     0.884 r  CLK100MHZ_IBUF_BUFG_inst/O
                         net (fo=27, routed)          0.593     1.476    Inst_Divisor/CLK100MHZ_IBUF_BUFG
    SLICE_X1Y11          FDRE                                         r  Inst_Divisor/s_contador_reg[11]/C
  -------------------------------------------------------------------    -------------------
    SLICE_X1Y11          FDRE (Prop_fdre_C_Q)         0.141     1.617 r  Inst_Divisor/s_contador_reg[11]/Q
                         net (fo=2, routed)           0.120     1.738    Inst_Divisor/s_contador[11]
    SLICE_X1Y11          CARRY4 (Prop_carry4_S[2]_O[2])
                                                      0.111     1.849 r  Inst_Divisor/s_contador0_carry__1/O[2]
                         net (fo=1, routed)           0.000     1.849    Inst_Divisor/data0[11]
    SLICE_X1Y11          FDRE                                         r  Inst_Divisor/s_contador_reg[11]/D
  -------------------------------------------------------------------    -------------------

                         (clock sys_clk_pin rise edge)
                                                      0.000     0.000 r  
    W5                                                0.000     0.000 r  CLK100MHZ (IN)
                         net (fo=0)                   0.000     0.000    CLK100MHZ
    W5                   IBUF (Prop_ibuf_I_O)         0.414     0.414 r  CLK100MHZ_IBUF_inst/O
                         net (fo=1, routed)           0.685     1.099    CLK100MHZ_IBUF
    BUFGCTRL_X0Y0        BUFG (Prop_bufg_I_O)         0.029     1.128 r  CLK100MHZ_IBUF_BUFG_inst/O
                         net (fo=27, routed)          0.864     1.991    Inst_Divisor/CLK100MHZ_IBUF_BUFG
    SLICE_X1Y11          FDRE                                         r  Inst_Divisor/s_contador_reg[11]/C
                         clock pessimism             -0.515     1.476    
    SLICE_X1Y11          FDRE (Hold_fdre_C_D)         0.105     1.581    Inst_Divisor/s_contador_reg[11]
  -------------------------------------------------------------------
                         required time                         -1.581    
                         arrival time                           1.849    
  -------------------------------------------------------------------
                         slack                                  0.267    

Slack (MET) :             0.267ns  (arrival time - required time)
  Source:                 Inst_Divisor/s_contador_reg[19]/C
                            (rising edge-triggered cell FDRE clocked by sys_clk_pin  {rise@0.000ns fall@5.000ns period=10.000ns})
  Destination:            Inst_Divisor/s_contador_reg[19]/D
                            (rising edge-triggered cell FDRE clocked by sys_clk_pin  {rise@0.000ns fall@5.000ns period=10.000ns})
  Path Group:             sys_clk_pin
  Path Type:              Hold (Min at Fast Process Corner)
  Requirement:            0.000ns  (sys_clk_pin rise@0.000ns - sys_clk_pin rise@0.000ns)
  Data Path Delay:        0.372ns  (logic 0.252ns (67.654%)  route 0.120ns (32.346%))
  Logic Levels:           1  (CARRY4=1)
  Clock Path Skew:        0.000ns (DCD - SCD - CPR)
    Destination Clock Delay (DCD):    1.988ns
    Source Clock Delay      (SCD):    1.474ns
    Clock Pessimism Removal (CPR):    0.514ns

    Location             Delay type                Incr(ns)  Path(ns)    Netlist Resource(s)
  -------------------------------------------------------------------    -------------------
                         (clock sys_clk_pin rise edge)
                                                      0.000     0.000 r  
    W5                                                0.000     0.000 r  CLK100MHZ (IN)
                         net (fo=0)                   0.000     0.000    CLK100MHZ
    W5                   IBUF (Prop_ibuf_I_O)         0.226     0.226 r  CLK100MHZ_IBUF_inst/O
                         net (fo=1, routed)           0.631     0.858    CLK100MHZ_IBUF
    BUFGCTRL_X0Y0        BUFG (Prop_bufg_I_O)         0.026     0.884 r  CLK100MHZ_IBUF_BUFG_inst/O
                         net (fo=27, routed)          0.591     1.474    Inst_Divisor/CLK100MHZ_IBUF_BUFG
    SLICE_X1Y13          FDRE                                         r  Inst_Divisor/s_contador_reg[19]/C
  -------------------------------------------------------------------    -------------------
    SLICE_X1Y13          FDRE (Prop_fdre_C_Q)         0.141     1.615 r  Inst_Divisor/s_contador_reg[19]/Q
                         net (fo=2, routed)           0.120     1.736    Inst_Divisor/s_contador[19]
    SLICE_X1Y13          CARRY4 (Prop_carry4_S[2]_O[2])
                                                      0.111     1.847 r  Inst_Divisor/s_contador0_carry__3/O[2]
                         net (fo=1, routed)           0.000     1.847    Inst_Divisor/data0[19]
    SLICE_X1Y13          FDRE                                         r  Inst_Divisor/s_contador_reg[19]/D
  -------------------------------------------------------------------    -------------------

                         (clock sys_clk_pin rise edge)
                                                      0.000     0.000 r  
    W5                                                0.000     0.000 r  CLK100MHZ (IN)
                         net (fo=0)                   0.000     0.000    CLK100MHZ
    W5                   IBUF (Prop_ibuf_I_O)         0.414     0.414 r  CLK100MHZ_IBUF_inst/O
                         net (fo=1, routed)           0.685     1.099    CLK100MHZ_IBUF
    BUFGCTRL_X0Y0        BUFG (Prop_bufg_I_O)         0.029     1.128 r  CLK100MHZ_IBUF_BUFG_inst/O
                         net (fo=27, routed)          0.861     1.988    Inst_Divisor/CLK100MHZ_IBUF_BUFG
    SLICE_X1Y13          FDRE                                         r  Inst_Divisor/s_contador_reg[19]/C
                         clock pessimism             -0.514     1.474    
    SLICE_X1Y13          FDRE (Hold_fdre_C_D)         0.105     1.579    Inst_Divisor/s_contador_reg[19]
  -------------------------------------------------------------------
                         required time                         -1.579    
                         arrival time                           1.847    
  -------------------------------------------------------------------
                         slack                                  0.267    

Slack (MET) :             0.267ns  (arrival time - required time)
  Source:                 Inst_Divisor/s_contador_reg[23]/C
                            (rising edge-triggered cell FDRE clocked by sys_clk_pin  {rise@0.000ns fall@5.000ns period=10.000ns})
  Destination:            Inst_Divisor/s_contador_reg[23]/D
                            (rising edge-triggered cell FDRE clocked by sys_clk_pin  {rise@0.000ns fall@5.000ns period=10.000ns})
  Path Group:             sys_clk_pin
  Path Type:              Hold (Min at Fast Process Corner)
  Requirement:            0.000ns  (sys_clk_pin rise@0.000ns - sys_clk_pin rise@0.000ns)
  Data Path Delay:        0.372ns  (logic 0.252ns (67.654%)  route 0.120ns (32.346%))
  Logic Levels:           1  (CARRY4=1)
  Clock Path Skew:        0.000ns (DCD - SCD - CPR)
    Destination Clock Delay (DCD):    1.988ns
    Source Clock Delay      (SCD):    1.474ns
    Clock Pessimism Removal (CPR):    0.514ns

    Location             Delay type                Incr(ns)  Path(ns)    Netlist Resource(s)
  -------------------------------------------------------------------    -------------------
                         (clock sys_clk_pin rise edge)
                                                      0.000     0.000 r  
    W5                                                0.000     0.000 r  CLK100MHZ (IN)
                         net (fo=0)                   0.000     0.000    CLK100MHZ
    W5                   IBUF (Prop_ibuf_I_O)         0.226     0.226 r  CLK100MHZ_IBUF_inst/O
                         net (fo=1, routed)           0.631     0.858    CLK100MHZ_IBUF
    BUFGCTRL_X0Y0        BUFG (Prop_bufg_I_O)         0.026     0.884 r  CLK100MHZ_IBUF_BUFG_inst/O
                         net (fo=27, routed)          0.591     1.474    Inst_Divisor/CLK100MHZ_IBUF_BUFG
    SLICE_X1Y14          FDRE                                         r  Inst_Divisor/s_contador_reg[23]/C
  -------------------------------------------------------------------    -------------------
    SLICE_X1Y14          FDRE (Prop_fdre_C_Q)         0.141     1.615 r  Inst_Divisor/s_contador_reg[23]/Q
                         net (fo=2, routed)           0.120     1.736    Inst_Divisor/s_contador[23]
    SLICE_X1Y14          CARRY4 (Prop_carry4_S[2]_O[2])
                                                      0.111     1.847 r  Inst_Divisor/s_contador0_carry__4/O[2]
                         net (fo=1, routed)           0.000     1.847    Inst_Divisor/data0[23]
    SLICE_X1Y14          FDRE                                         r  Inst_Divisor/s_contador_reg[23]/D
  -------------------------------------------------------------------    -------------------

                         (clock sys_clk_pin rise edge)
                                                      0.000     0.000 r  
    W5                                                0.000     0.000 r  CLK100MHZ (IN)
                         net (fo=0)                   0.000     0.000    CLK100MHZ
    W5                   IBUF (Prop_ibuf_I_O)         0.414     0.414 r  CLK100MHZ_IBUF_inst/O
                         net (fo=1, routed)           0.685     1.099    CLK100MHZ_IBUF
    BUFGCTRL_X0Y0        BUFG (Prop_bufg_I_O)         0.029     1.128 r  CLK100MHZ_IBUF_BUFG_inst/O
                         net (fo=27, routed)          0.861     1.988    Inst_Divisor/CLK100MHZ_IBUF_BUFG
    SLICE_X1Y14          FDRE                                         r  Inst_Divisor/s_contador_reg[23]/C
                         clock pessimism             -0.514     1.474    
    SLICE_X1Y14          FDRE (Hold_fdre_C_D)         0.105     1.579    Inst_Divisor/s_contador_reg[23]
  -------------------------------------------------------------------
                         required time                         -1.579    
                         arrival time                           1.847    
  -------------------------------------------------------------------
                         slack                                  0.267    





Pulse Width Checks
--------------------------------------------------------------------------------------
Clock Name:         sys_clk_pin
Waveform(ns):       { 0.000 5.000 }
Period(ns):         10.000
Sources:            { CLK100MHZ }

Check Type        Corner  Lib Pin  Reference Pin  Required(ns)  Actual(ns)  Slack(ns)  Location       Pin
Min Period        n/a     BUFG/I   n/a            2.155         10.000      7.845      BUFGCTRL_X0Y0  CLK100MHZ_IBUF_BUFG_inst/I
Min Period        n/a     FDRE/C   n/a            1.000         10.000      9.000      SLICE_X0Y12    Inst_Divisor/s_clk_out_reg/C
Min Period        n/a     FDRE/C   n/a            1.000         10.000      9.000      SLICE_X0Y12    Inst_Divisor/s_contador_reg[0]/C
Min Period        n/a     FDRE/C   n/a            1.000         10.000      9.000      SLICE_X1Y11    Inst_Divisor/s_contador_reg[10]/C
Min Period        n/a     FDRE/C   n/a            1.000         10.000      9.000      SLICE_X1Y11    Inst_Divisor/s_contador_reg[11]/C
Min Period        n/a     FDRE/C   n/a            1.000         10.000      9.000      SLICE_X1Y11    Inst_Divisor/s_contador_reg[12]/C
Min Period        n/a     FDRE/C   n/a            1.000         10.000      9.000      SLICE_X1Y12    Inst_Divisor/s_contador_reg[13]/C
Min Period        n/a     FDRE/C   n/a            1.000         10.000      9.000      SLICE_X1Y12    Inst_Divisor/s_contador_reg[14]/C
Min Period        n/a     FDRE/C   n/a            1.000         10.000      9.000      SLICE_X1Y12    Inst_Divisor/s_contador_reg[15]/C
Min Period        n/a     FDRE/C   n/a            1.000         10.000      9.000      SLICE_X1Y12    Inst_Divisor/s_contador_reg[16]/C
Low Pulse Width   Fast    FDRE/C   n/a            0.500         5.000       4.500      SLICE_X0Y12    Inst_Divisor/s_clk_out_reg/C
Low Pulse Width   Fast    FDRE/C   n/a            0.500         5.000       4.500      SLICE_X0Y12    Inst_Divisor/s_contador_reg[0]/C
Low Pulse Width   Fast    FDRE/C   n/a            0.500         5.000       4.500      SLICE_X1Y11    Inst_Divisor/s_contador_reg[10]/C
Low Pulse Width   Fast    FDRE/C   n/a            0.500         5.000       4.500      SLICE_X1Y11    Inst_Divisor/s_contador_reg[11]/C
Low Pulse Width   Fast    FDRE/C   n/a            0.500         5.000       4.500      SLICE_X1Y11    Inst_Divisor/s_contador_reg[12]/C
Low Pulse Width   Fast    FDRE/C   n/a            0.500         5.000       4.500      SLICE_X1Y12    Inst_Divisor/s_contador_reg[13]/C
Low Pulse Width   Fast    FDRE/C   n/a            0.500         5.000       4.500      SLICE_X1Y12    Inst_Divisor/s_contador_reg[14]/C
Low Pulse Width   Fast    FDRE/C   n/a            0.500         5.000       4.500      SLICE_X1Y12    Inst_Divisor/s_contador_reg[15]/C
Low Pulse Width   Fast    FDRE/C   n/a            0.500         5.000       4.500      SLICE_X1Y12    Inst_Divisor/s_contador_reg[16]/C
Low Pulse Width   Fast    FDRE/C   n/a            0.500         5.000       4.500      SLICE_X1Y13    Inst_Divisor/s_contador_reg[17]/C
High Pulse Width  Slow    FDRE/C   n/a            0.500         5.000       4.500      SLICE_X1Y15    Inst_Divisor/s_contador_reg[25]/C
High Pulse Width  Slow    FDRE/C   n/a            0.500         5.000       4.500      SLICE_X0Y12    Inst_Divisor/s_clk_out_reg/C
High Pulse Width  Fast    FDRE/C   n/a            0.500         5.000       4.500      SLICE_X0Y12    Inst_Divisor/s_clk_out_reg/C
High Pulse Width  Slow    FDRE/C   n/a            0.500         5.000       4.500      SLICE_X0Y12    Inst_Divisor/s_contador_reg[0]/C
High Pulse Width  Fast    FDRE/C   n/a            0.500         5.000       4.500      SLICE_X0Y12    Inst_Divisor/s_contador_reg[0]/C
High Pulse Width  Slow    FDRE/C   n/a            0.500         5.000       4.500      SLICE_X1Y12    Inst_Divisor/s_contador_reg[13]/C
High Pulse Width  Fast    FDRE/C   n/a            0.500         5.000       4.500      SLICE_X1Y12    Inst_Divisor/s_contador_reg[13]/C
High Pulse Width  Slow    FDRE/C   n/a            0.500         5.000       4.500      SLICE_X1Y12    Inst_Divisor/s_contador_reg[14]/C
High Pulse Width  Fast    FDRE/C   n/a            0.500         5.000       4.500      SLICE_X1Y12    Inst_Divisor/s_contador_reg[14]/C
High Pulse Width  Slow    FDRE/C   n/a            0.500         5.000       4.500      SLICE_X1Y12    Inst_Divisor/s_contador_reg[15]/C



